n/000.png
n/001.png
n/002.png
n/003.png
n/004.png
n/005.png
n/006.png
n/007.png
n/008.png
n/009.png
n/010.png
n/012.png
n/013.png
n/014.png
n/015.png
n/016.png
n/017.png
n/018.png
n/019.png
n/020.png
n/021.png
n/022.png
n/023.png
n/024.png
n/025.png
n/026.png
n/027.png
n/028.png
n/033.png
n/036.png
n/037.png
n/038.png
n/039.png
n/040.png
n/041.png
n/042.png
n/043.png
n/044.png
n/045.png
n/046.png
n/050.png
n/051.png
n/053.png
n/054.png
n/055.png
n/063.png
n/067.png
n/068.png
n/069.png
n/070.png
n/071.png
n/072.png
n/073.png
n/074.png
n/075.png
n/076.png
n/077.png
n/078.png
n/079.png
n/080.png
n/081.png
n/082.png
n/083.png
n/084.png
n/085.png
n/086.png
n/087.png
n/088.png
n/089.png
n/090.png
n/092.png
n/093.png
n/094.png
n/095.png
n/096.png
n/097.png
n/112.png
n/16.png
n/25.png
n/27.png
n/28.png
n/29.png
n/3.png
n/32.png
n/4.png
n/43.png
n/51.png
n/52.png
n/1.png
n/10.png
n/11.png
n/111.png
n/113.png
n/114.png
n/115.png
n/12.png
n/13.png
n/14.png
n/15.png
n/17.png
n/18.png
n/19.png
n/2.png
n/20.png
n/21.png
n/22.png
n/23.png
n/24.png
n/26.png
n/30.png
n/31.png
n/33.png
n/34.png
n/35.png
n/36.png
n/37.png
n/38.png
n/39.png
n/40.png
n/41.png
n/44.png
n/45.png
n/46.png
n/47.png
n/48.png
n/49.png
n/5.png
n/50.png
n/6.png
n/7.png
n/8.png
n/9.png
n/42.png